186.250.126.2
inetnum:      186.0.0.0 - 186.255.255.255
changed:      2007-09
inetnum:     186.250.124.0/22
aut-num:     AS262275
owner:       J.A.S. TI - TECNOLOGIA DA INFORMACAO LTDA ME
ownerid:     12.850.879/0001-40
responsible: Otima Digital
country:     BR
owner-c:     OTDIG5
created:     20120626
changed:     20150319
person:      Otima Digital
e-mail:      bgp@otima.digital
country:     BR
created:     20230418
changed:     20250625
person:      Thiago Oliveira Silva
e-mail:      bgp@otima.digital
country:     BR
created:     20070820
360.otima.digital
[proxychains] config file found: /opt/homebrew/etc/proxychains.conf
[proxychains] preloading /opt/homebrew/Cellar/proxychains-ng/4.17/lib/libproxychains4.dylib
80
443
Nmap scan for ip 186.250.126.2
--
- Open ports: 80, 443, 
Detailed scan for 186.250.126.2 port 80 with Proxychains.
-
Starting Nmap 7.98 ( https://nmap.org ) at 2026-02-06 16:28 -0300
Nmap scan report for 186.250.126.2
Host is up (0.013s latency).

PORT   STATE SERVICE VERSION
80/tcp open  http    nginx
|_http-title: Did not follow redirect to https://186.250.126.2/
Warning: OSScan results may be unreliable because we could not find at least 1 open and 1 closed port
Device type: general purpose|firewall
Running (JUST GUESSING): Linux 3.X|4.X (90%), IPFire 2.X (89%)
OS CPE: cpe:/o:linux:linux_kernel:3 cpe:/o:linux:linux_kernel:4 cpe:/o:ipfire:ipfire:2.25
Aggressive OS guesses: Linux 3.2 - 4.14 (90%), IPFire 2.25 firewall (Linux 4.14) (89%), Linux 3.10 - 3.12 (89%), Linux 4.0 - 4.4 (89%), Linux 4.9 (88%), Linux 3.10 (85%)
No exact OS matches for host (test conditions non-ideal).

TRACEROUTE
HOP RTT      ADDRESS
1   13.06 ms 186.250.126.2

OS and Service detection performed. Please report any incorrect results at https://nmap.org/submit/ .
Nmap done: 1 IP address (1 host up) scanned in 16.94 seconds
--
Detailed scan for 186.250.126.2 port 443 with Proxychains.
-
--
--
Server: nginx
theHarvester OSINT tool.
You can configure api keys in /etc/theHarvester/api-keys.yaml to increase coverage...
--
Version: 2.2.1
OpenSSL 3.6.1 27 Jan 2026

Connected to 186.250.126.2

Testing SSL server 360.otima.digital on port 443 using SNI name 360.otima.digital

  SSL/TLS Protocols:
SSLv2     disabled
SSLv3     disabled
TLSv1.0   disabled
TLSv1.1   disabled
TLSv1.2   enabled
TLSv1.3   enabled

  TLS Fallback SCSV:
Server supports TLS Fallback SCSV

  TLS renegotiation:
Session renegotiation not supported
=== WEBTAZ - EXECUTION SUMMARY ===
Date: sex  6 fev 2026 16:29:52 -03
Target: 360.otima.digital
IPs found: 186.250.126.2 

OPEN PORTS:
80
443

VULNERABILITIES:
=== WEBTAZ - EXECUTION SUMMARY ===
Date: sex  6 fev 2026 16:29:52 -03
Target: 360.otima.digital
IPs found: 186.250.126.2 

OPEN PORTS:
80
443

VULNERABILITIES:
Nmap scan for ip 186.250.126.2
--
- Open ports: 80, 443, 
Skippint nmap for port 80, file already exists
Detailed scan for 186.250.126.2 port 443 with Proxychains.
-
--
--
Server: nginx
theHarvester OSINT tool.
You can configure api keys in /etc/theHarvester/api-keys.yaml to increase coverage...
--
=== WEBTAZ - EXECUTION SUMMARY ===
Date: sex  6 fev 2026 16:33:16 -03
Target: 360.otima.digital
IPs found: 186.250.126.2 

OPEN PORTS:
80
443

VULNERABILITIES:
=== WEBTAZ - EXECUTION SUMMARY ===
Date: sex  6 fev 2026 16:33:16 -03
Target: 360.otima.digital
IPs found: 186.250.126.2 

OPEN PORTS:
80
443

VULNERABILITIES:
